../Core/Src/main.c:102:13:UART_Print	16	static
../Core/Src/main.c:113:9:SD_Card_Kontrol	8	static
../Core/Src/main.c:129:6:SD_Card_Bilgi	104	static
../Core/Src/main.c:145:6:SD_Card_ListDirectory_Rec	624	static
../Core/Src/main.c:175:6:SD_CardListFile	8	static
../Core/Src/main.c:189:9:SD_CardCreateFolder	24	static
../Core/Src/main.c:199:9:SD_CardDeleteFolder	24	static
../Core/Src/main.c:211:9:SD_CardCreateExtensionFile	4168	static
../Core/Src/main.c:226:9:SD_CardCreateExtensionFileAlways	4168	static
../Core/Src/main.c:240:9:SD_CardDeleteExtensionFile	24	static
../Core/Src/main.c:251:9:SD_CardOnlyWriteString	4176	static
../Core/Src/main.c:277:9:SD_CardOnlyReadString	4192	static
../Core/Src/main.c:327:9:SD_CardOnlyWriteData	4184	static
../Core/Src/main.c:363:9:SD_CardOnlyReadData	4200	static
../Core/Src/main.c:421:9:SD_CardClearFileData	4168	static
../Core/Src/main.c:448:5:main	16	static
../Core/Src/main.c:543:6:SystemClock_Config	88	static
../Core/Src/main.c:589:13:MX_I2C1_Init	8	static
../Core/Src/main.c:623:13:MX_SPI1_Init	8	static
../Core/Src/main.c:661:13:MX_USART1_UART_Init	8	static
../Core/Src/main.c:694:13:MX_GPIO_Init	40	static
../Core/Src/main.c:729:6:Error_Handler	4	static,ignoring_inline_asm
